// Jest Snapshot v1, https://goo.gl/fbAQLP

exports[`<ActionButtons /> should match snapshots 1`] = `
<div>
  <ul
    className="btn-list"
  >
    <li>
      <ReviewButton
        hidden={false}
        reviews={1}
      />
    </li>
    <li>
      <UpvoteButton
        upvote={[Function]}
        upvotes={1}
      />
    </li>
    <li>
      <DownvoteButton
        downvote={[Function]}
        downvotes={0}
      />
    </li>
    <li>
      <FavoritesButton
        isInFavorites={[Function]}
        onFavoriteClick={[Function]}
      />
    </li>
  </ul>
</div>
`;
